ARM Linker, 4.1 [Build 791] [Evaluation]

==============================================================================

Section Cross References

    startup.o(RESET) refers to startup.o(STACK) for StackMem
    startup.o(RESET) refers to entry.o(.ARM.Collect$$$$00000000) for __main
    startup.o(.text) refers to startup.o(HEAP) for __heap_base
    startup.o(.text) refers to startup.o(STACK) for StackMem
    main.o(.text) refers to pll.o(.text) for PLL_Init
    main.o(.text) refers to portc_init.o(.text) for initPortC
    entry.o(.ARM.Collect$$$$00000000) refers (Special) to entry7b.o(.ARM.Collect$$$$00000008) for _main_clock
    entry.o(.ARM.Collect$$$$00000000) refers (Special) to entry8.o(.ARM.Collect$$$$00000009) for _main_init
    entry.o(.ARM.Collect$$$$00000000) refers (Special) to entry5.o(.ARM.Collect$$$$00000004) for _main_scatterload
    entry.o(.ARM.Collect$$$$00000000) refers (Special) to entry2.o(.ARM.Collect$$$$00000001) for _main_stk
    entry2.o(.ARM.Collect$$$$00000001) refers to entry2.o(.ARM.Collect$$$$00002712) for __lit__00000000
    entry2.o(.ARM.Collect$$$$00002712) refers to startup.o(STACK) for __initial_sp
    entry2.o(__vectab_stack_and_reset_area) refers to startup.o(STACK) for __initial_sp
    entry2.o(__vectab_stack_and_reset_area) refers to entry.o(.ARM.Collect$$$$00000000) for __main
    entry5.o(.ARM.Collect$$$$00000004) refers to init.o(.text) for __scatterload
    entry8.o(.ARM.Collect$$$$00000009) refers to main.o(.text) for main
    init.o(.text) refers to entry5.o(.ARM.Collect$$$$00000004) for __main_after_scatterload


==============================================================================

Removing Unused input sections from the image.

    Removing startup.o(HEAP), (4096 bytes).
    Removing startup.o(.text), (68 bytes).
    Removing main.o(.bss), (20 bytes).
    Removing main.o(.data), (180 bytes).

4 unused section(s) (total 4364 bytes) removed from the image.

==============================================================================

Image Symbol Table

    Local Symbols

    Symbol Name                              Value     Ov Type        Size  Object(Section)

    RESET                                    0x00000000   Section      252  startup.o(RESET)
    ../../microlib/init/entry.s              0x00000000   Number         0  entry2.o ABSOLUTE
    ../../microlib/init/entry.s              0x00000000   Number         0  entry.o ABSOLUTE
    ../../microlib/init/entry.s              0x00000000   Number         0  entry7a.o ABSOLUTE
    ../../microlib/init/entry.s              0x00000000   Number         0  entry5.o ABSOLUTE
    ../../microlib/init/entry.s              0x00000000   Number         0  entry8.o ABSOLUTE
    ../../microlib/init/entry.s              0x00000000   Number         0  entry7b.o ABSOLUTE
    PLL.c                                    0x00000000   Number         0  pll.o ABSOLUTE
    Startup.s                                0x00000000   Number         0  startup.o ABSOLUTE
    dc.s                                     0x00000000   Number         0  dc.o ABSOLUTE
    handlers.s                               0x00000000   Number         0  handlers.o ABSOLUTE
    init.s                                   0x00000000   Number         0  init.o ABSOLUTE
    main.c                                   0x00000000   Number         0  main.o ABSOLUTE
    portc_init.c                             0x00000000   Number         0  portc_init.o ABSOLUTE
    $v0                                      0x000000f0   Number         0  startup.o(RESET)
    NmiSR                                    0x000000f5   Thumb Code     0  startup.o(RESET)
    FaultISR                                 0x000000f7   Thumb Code     0  startup.o(RESET)
    IntDefaultHandler                        0x000000f9   Thumb Code     0  startup.o(RESET)
    .ARM.Collect$$$$00000000                 0x000000fc   Section        0  entry.o(.ARM.Collect$$$$00000000)
    .ARM.Collect$$$$00000001                 0x000000fc   Section        4  entry2.o(.ARM.Collect$$$$00000001)
    .ARM.Collect$$$$00000004                 0x00000100   Section        4  entry5.o(.ARM.Collect$$$$00000004)
    .ARM.Collect$$$$00000008                 0x00000104   Section        0  entry7b.o(.ARM.Collect$$$$00000008)
    .ARM.Collect$$$$00000009                 0x00000104   Section        8  entry8.o(.ARM.Collect$$$$00000009)
    .ARM.Collect$$$$00002712                 0x0000010c   Section        4  entry2.o(.ARM.Collect$$$$00002712)
    __lit__00000000                          0x0000010c   Data           4  entry2.o(.ARM.Collect$$$$00002712)
    .text                                    0x00000110   Section        0  main.o(.text)
    .text                                    0x00000120   Section        0  pll.o(.text)
    .text                                    0x000001ac   Section        0  portc_init.o(.text)
    .text                                    0x00000200   Section       36  init.o(.text)
    i.__scatterload_copy                     0x00000224   Section       14  handlers.o(i.__scatterload_copy)
    i.__scatterload_null                     0x00000232   Section        2  handlers.o(i.__scatterload_null)
    i.__scatterload_zeroinit                 0x00000234   Section       14  handlers.o(i.__scatterload_zeroinit)
    STACK                                    0x20000000   Section     4096  startup.o(STACK)
    StackMem                                 0x20000000   Data           0  startup.o(STACK)

    Global Symbols

    Symbol Name                              Value     Ov Type        Size  Object(Section)

    BuildAttributes$$THM_ISAv4$E$P$D$K$B$S$7EM$VFPi3$EXTD16$VFPS$VFMA$PE$A:L22UL41UL21$X:L11$S22US41US21$IEEE1$IW$USESV6$~STKCKD$USESV7$~SHL$OSPACE$EBA8$MICROLIB$REQ8$PRES8$EABIv2 0x00000000   Number         0  anon$$obj.o ABSOLUTE
    __ARM_use_no_argv                        0x00000000   Number         0  main.o ABSOLUTE
    __Vectors                                0x00000000   Data           0  startup.o(RESET)
    __decompress                              - Undefined Weak Reference
    _clock_init                               - Undefined Weak Reference
    Reset_Handler                            0x000000f1   Thumb Code     0  startup.o(RESET)
    __main                                   0x000000fd   Thumb Code     0  entry.o(.ARM.Collect$$$$00000000)
    _main_stk                                0x000000fd   Thumb Code     0  entry2.o(.ARM.Collect$$$$00000001)
    _main_scatterload                        0x00000101   Thumb Code     0  entry5.o(.ARM.Collect$$$$00000004)
    __main_after_scatterload                 0x00000105   Thumb Code     0  entry5.o(.ARM.Collect$$$$00000004)
    _main_clock                              0x00000105   Thumb Code     0  entry7b.o(.ARM.Collect$$$$00000008)
    _main_init                               0x00000105   Thumb Code     0  entry8.o(.ARM.Collect$$$$00000009)
    main                                     0x00000111   Thumb Code    14  main.o(.text)
    PLL_Init                                 0x00000121   Thumb Code   134  pll.o(.text)
    initPortC                                0x000001ad   Thumb Code    56  portc_init.o(.text)
    __scatterload                            0x00000201   Thumb Code    28  init.o(.text)
    __scatterload_rt2                        0x00000201   Thumb Code     0  init.o(.text)
    __scatterload_copy                       0x00000225   Thumb Code    14  handlers.o(i.__scatterload_copy)
    __scatterload_null                       0x00000233   Thumb Code     2  handlers.o(i.__scatterload_null)
    __scatterload_zeroinit                   0x00000235   Thumb Code    14  handlers.o(i.__scatterload_zeroinit)
    Region$$Table$$Base                      0x00000244   Number         0  anon$$obj.o(Region$$Table)
    Region$$Table$$Limit                     0x00000254   Number         0  anon$$obj.o(Region$$Table)
    __initial_sp                             0x20001000   Data           0  startup.o(STACK)



==============================================================================

Memory Map of the image

  Image Entry point : 0x000000fd

  Load Region LR_IROM (Base: 0x00000000, Size: 0x00000254, Max: 0x00040000, ABSOLUTE)

    Execution Region ER_IROM (Base: 0x00000000, Size: 0x00000254, Max: 0x00040000, ABSOLUTE)

    Base Addr    Size         Type   Attr      Idx    E Section Name        Object

    0x00000000   0x000000fc   Code   RO            3    RESET               startup.o
    0x000000fc   0x00000000   Code   RO           98  * .ARM.Collect$$$$00000000  mc_w.l(entry.o)
    0x000000fc   0x00000004   Code   RO          101    .ARM.Collect$$$$00000001  mc_w.l(entry2.o)
    0x00000100   0x00000004   Code   RO          104    .ARM.Collect$$$$00000004  mc_w.l(entry5.o)
    0x00000104   0x00000000   Code   RO          106    .ARM.Collect$$$$00000008  mc_w.l(entry7b.o)
    0x00000104   0x00000008   Code   RO          107    .ARM.Collect$$$$00000009  mc_w.l(entry8.o)
    0x0000010c   0x00000004   Code   RO          102    .ARM.Collect$$$$00002712  mc_w.l(entry2.o)
    0x00000110   0x0000000e   Code   RO           11    .text               main.o
    0x0000011e   0x00000002   PAD
    0x00000120   0x0000008c   Code   RO           62    .text               pll.lib(pll.o)
    0x000001ac   0x00000054   Code   RO           77    .text               portC_init.lib(portc_init.o)
    0x00000200   0x00000024   Code   RO          108    .text               mc_w.l(init.o)
    0x00000224   0x0000000e   Code   RO          112    i.__scatterload_copy  mc_w.l(handlers.o)
    0x00000232   0x00000002   Code   RO          113    i.__scatterload_null  mc_w.l(handlers.o)
    0x00000234   0x0000000e   Code   RO          114    i.__scatterload_zeroinit  mc_w.l(handlers.o)
    0x00000242   0x00000002   PAD
    0x00000244   0x00000010   Data   RO          110    Region$$Table       anon$$obj.o


    Execution Region RW_IRAM (Base: 0x20000000, Size: 0x00001000, Max: 0x00010000, ABSOLUTE)

    Base Addr    Size         Type   Attr      Idx    E Section Name        Object

    0x20000000   0x00001000   Zero   RW            1    STACK               startup.o


==============================================================================

Image component sizes


      Code (inc. data)   RO Data    RW Data    ZI Data      Debug   Object Name

        14          0          0          0          0       1903   main.o
       252        242          0          0       4096        248   startup.o

    ----------------------------------------------------------------------
       268        242         16          0       4096       2151   Object Totals
         0          0         16          0          0          0   (incl. Generated)
         2          0          0          0          0          0   (incl. Padding)

    ----------------------------------------------------------------------

      Code (inc. data)   RO Data    RW Data    ZI Data      Debug   Library Member Name

         0          0          0          0          0          0   entry.o
         8          4          0          0          0          0   entry2.o
         4          0          0          0          0          0   entry5.o
         0          0          0          0          0          0   entry7b.o
         8          4          0          0          0          0   entry8.o
        30          0          0          0          0          0   handlers.o
        36          8          0          0          0         68   init.o
       140          6          0          0          0        451   pll.o
        84         28          0          0          0       3180   portc_init.o

    ----------------------------------------------------------------------
       312         50          0          0          0       3699   Library Totals
         2          0          0          0          0          0   (incl. Padding)

    ----------------------------------------------------------------------

      Code (inc. data)   RO Data    RW Data    ZI Data      Debug   Library Name

        86         16          0          0          0         68   mc_w.l
       140          6          0          0          0        451   pll.lib
        84         28          0          0          0       3180   portC_init.lib

    ----------------------------------------------------------------------
       312         50          0          0          0       3699   Library Totals

    ----------------------------------------------------------------------

==============================================================================


      Code (inc. data)   RO Data    RW Data    ZI Data      Debug   

       580        292         16          0       4096       5850   Grand Totals
       580        292         16          0       4096       5850   ELF Image Totals
       580        292         16          0          0          0   ROM Totals

==============================================================================

    Total RO  Size (Code + RO Data)                  596 (   0.58kB)
    Total RW  Size (RW Data + ZI Data)              4096 (   4.00kB)
    Total ROM Size (Code + RO Data + RW Data)        596 (   0.58kB)

==============================================================================

