<html>
<body>
<pre>
<h1>µVision Build Log</h1>
<h2>Project:</h2>
C:\Users\jkrachey\SkyDrive\ECE353\svn\trunk\hw\2013-Fall\Project\dist\ece353_base_project.uvproj
Project File Date:  11/14/2013

<h2>Output:</h2>
Build target 'base_project'
assembling Startup.s...
compiling main.c...
main.c(40): warning:  #223-D: function "PLL_Init" declared implicitly
linking...
ece353_base_project.axf: error: L6002U: Could not open file C:\Users\jkrachey\SkyDrive\ECE353\svn\trunk\hw\2013-Fall\Project\dist\lib\gpio.lib: No such file or directory
Target not created
Build target 'base_project'
compiling main.c...
linking...
ece353_base_project.axf: error: L6002U: Could not open file C:\Users\jkrachey\SkyDrive\ECE353\svn\trunk\hw\2013-Fall\Project\dist\lib\gpio.lib: No such file or directory
Target not created
Build target 'base_project'
linking...
Program Size: Code=492 RO-data=16 RW-data=0 ZI-data=4096  
"ece353_base_project.axf" - 0 Error(s), 0 Warning(s).
Build target 'base_project'
compiling main.c...
board_config.h(9): error:  #5: cannot open source input file "UART.h": No such file or directory
Target not created
Build target 'base_project'
compiling main.c...
linking...
Program Size: Code=492 RO-data=16 RW-data=0 ZI-data=4096  
"ece353_base_project.axf" - 0 Error(s), 0 Warning(s).
Clean started: Project: 'ece353_base_project'
   deleting intermediate output files for target 'base_project'
Build target 'base_project'
assembling Startup.s...
compiling main.c...
main.c(45): warning:  #223-D: function "initPortC" declared implicitly
linking...
Program Size: Code=580 RO-data=16 RW-data=0 ZI-data=4096  
"ece353_base_project.axf" - 0 Error(s), 1 Warning(s).
Build target 'base_project'
compiling main.c...
linking...
Program Size: Code=580 RO-data=16 RW-data=0 ZI-data=4096  
"ece353_base_project.axf" - 0 Error(s), 0 Warning(s).
Clean started: Project: 'ece353_base_project'
   deleting intermediate output files for target 'base_project'
