ARM Linker, 4.1 [Build 791] [Evaluation]

==============================================================================

Section Cross References

    startup.o(RESET) refers to startup.o(STACK) for StackMem
    startup.o(RESET) refers to systick.o(.text) for SYSTICKIntHandler
    startup.o(RESET) refers to entry.o(.ARM.Collect$$$$00000000) for __main
    main.o(.text) refers to main.o(.data) for GpioPortA
    main.o(.text) refers to systick.o(.text) for sysTickSleep
    main.o(.text) refers to memcpya.o(.text) for __aeabi_memcpy4
    main.o(.text) refers to pll.o(.text) for PLL_Init
    main.o(.text) refers to portc_init.o(.text) for initPortC
    main.o(.text) refers to uart.o(.text) for InitializeUART
    main.o(.text) refers to startup.o(.text) for EnableInterrupts
    main.o(.text) refers to main.o(.constdata) for .constdata
    main.o(.text) refers to main.o(.bss) for portE_config
    systick.o(.text) refers to dfltui.o(.text) for __aeabi_ui2d
    systick.o(.text) refers to ddiv.o(.text) for __aeabi_ddiv
    systick.o(.text) refers to dfixui.o(.text) for __aeabi_d2uiz
    systick.o(.text) refers to systick.o(.data) for ADCtimer
    systick.o(.text) refers to main.o(.data) for checkADC
    entry.o(.ARM.Collect$$$$00000000) refers (Special) to entry7b.o(.ARM.Collect$$$$00000008) for _main_clock
    entry.o(.ARM.Collect$$$$00000000) refers (Special) to entry8.o(.ARM.Collect$$$$00000009) for _main_init
    entry.o(.ARM.Collect$$$$00000000) refers (Special) to entry5.o(.ARM.Collect$$$$00000004) for _main_scatterload
    entry.o(.ARM.Collect$$$$00000000) refers (Special) to entry2.o(.ARM.Collect$$$$00000001) for _main_stk
    ddiv.o(.text) refers (Special) to iusefp.o(.text) for __I$use$fp
    ddiv.o(.text) refers to depilogue.o(.text) for _double_round
    dfltui.o(.text) refers (Special) to iusefp.o(.text) for __I$use$fp
    dfltui.o(.text) refers to depilogue.o(.text) for _double_epilogue
    dfixui.o(.text) refers (Special) to iusefp.o(.text) for __I$use$fp
    dfixui.o(.text) refers to llushr.o(.text) for __aeabi_llsr
    entry2.o(.ARM.Collect$$$$00000001) refers to entry2.o(.ARM.Collect$$$$00002712) for __lit__00000000
    entry2.o(.ARM.Collect$$$$00002712) refers to startup.o(STACK) for __initial_sp
    entry2.o(__vectab_stack_and_reset_area) refers to startup.o(STACK) for __initial_sp
    entry2.o(__vectab_stack_and_reset_area) refers to entry.o(.ARM.Collect$$$$00000000) for __main
    entry5.o(.ARM.Collect$$$$00000004) refers to init.o(.text) for __scatterload
    entry8.o(.ARM.Collect$$$$00000009) refers to main.o(.text) for main
    depilogue.o(.text) refers to llshl.o(.text) for __aeabi_llsl
    depilogue.o(.text) refers to llushr.o(.text) for __aeabi_llsr
    init.o(.text) refers to entry5.o(.ARM.Collect$$$$00000004) for __main_after_scatterload


==============================================================================

Removing Unused input sections from the image.

    Removing startup.o(HEAP), (0 bytes).

1 unused section(s) (total 0 bytes) removed from the image.

==============================================================================

Image Symbol Table

    Local Symbols

    Symbol Name                              Value     Ov Type        Size  Object(Section)

    RESET                                    0x00000000   Section      648  startup.o(RESET)
    ../../../cmprslib/zerorunl2.c            0x00000000   Number         0  __dczerorl2.o ABSOLUTE
    ../../microlib/fpdiv.c                   0x00000000   Number         0  ddiv.o ABSOLUTE
    ../../microlib/fpepilogue.c              0x00000000   Number         0  depilogue.o ABSOLUTE
    ../../microlib/fpfix.c                   0x00000000   Number         0  dfixui.o ABSOLUTE
    ../../microlib/fpflt.c                   0x00000000   Number         0  dfltui.o ABSOLUTE
    ../../microlib/init/entry.s              0x00000000   Number         0  entry.o ABSOLUTE
    ../../microlib/init/entry.s              0x00000000   Number         0  entry2.o ABSOLUTE
    ../../microlib/init/entry.s              0x00000000   Number         0  entry8.o ABSOLUTE
    ../../microlib/init/entry.s              0x00000000   Number         0  entry5.o ABSOLUTE
    ../../microlib/init/entry.s              0x00000000   Number         0  entry7b.o ABSOLUTE
    ../../microlib/init/entry.s              0x00000000   Number         0  entry7a.o ABSOLUTE
    ../../microlib/longlong.c                0x00000000   Number         0  llshl.o ABSOLUTE
    ../../microlib/longlong.c                0x00000000   Number         0  llushr.o ABSOLUTE
    ../../microlib/string/memcpy.c           0x00000000   Number         0  memcpya.o ABSOLUTE
    ../../microlib/string/memcpy.c           0x00000000   Number         0  memcpyb.o ABSOLUTE
    ../../microlib/stubs.s                   0x00000000   Number         0  iusefp.o ABSOLUTE
    PLL.c                                    0x00000000   Number         0  pll.o ABSOLUTE
    Startup.s                                0x00000000   Number         0  startup.o ABSOLUTE
    dc.s                                     0x00000000   Number         0  dc.o ABSOLUTE
    handlers.s                               0x00000000   Number         0  handlers.o ABSOLUTE
    init.s                                   0x00000000   Number         0  init.o ABSOLUTE
    main.c                                   0x00000000   Number         0  main.o ABSOLUTE
    portc_init.c                             0x00000000   Number         0  portc_init.o ABSOLUTE
    systick.c                                0x00000000   Number         0  systick.o ABSOLUTE
    uart.c                                   0x00000000   Number         0  uart.o ABSOLUTE
    $v0                                      0x0000026c   Number         0  startup.o(RESET)
    NmiSR                                    0x00000281   Thumb Code     0  startup.o(RESET)
    FaultISR                                 0x00000283   Thumb Code     0  startup.o(RESET)
    IntDefaultHandler                        0x00000285   Thumb Code     0  startup.o(RESET)
    .ARM.Collect$$$$00000000                 0x00000288   Section        0  entry.o(.ARM.Collect$$$$00000000)
    .ARM.Collect$$$$00000001                 0x00000288   Section        4  entry2.o(.ARM.Collect$$$$00000001)
    .ARM.Collect$$$$00000004                 0x0000028c   Section        4  entry5.o(.ARM.Collect$$$$00000004)
    .ARM.Collect$$$$00000008                 0x00000290   Section        0  entry7b.o(.ARM.Collect$$$$00000008)
    .ARM.Collect$$$$00000009                 0x00000290   Section        8  entry8.o(.ARM.Collect$$$$00000009)
    .ARM.Collect$$$$00002712                 0x00000298   Section        4  entry2.o(.ARM.Collect$$$$00002712)
    __lit__00000000                          0x00000298   Data           4  entry2.o(.ARM.Collect$$$$00002712)
    .text                                    0x0000029c   Section       28  startup.o(.text)
    $v0                                      0x0000029c   Number         0  startup.o(.text)
    .text                                    0x000002b8   Section        0  main.o(.text)
    .text                                    0x00000d58   Section        0  systick.o(.text)
    .text                                    0x00000f4c   Section        0  uart.o(.text)
    .text                                    0x00001084   Section        0  pll.o(.text)
    .text                                    0x00001110   Section        0  portc_init.o(.text)
    .text                                    0x00001164   Section        0  memcpya.o(.text)
    .text                                    0x00001188   Section        0  ddiv.o(.text)
    .text                                    0x00001266   Section        0  dfltui.o(.text)
    .text                                    0x00001280   Section        0  dfixui.o(.text)
    .text                                    0x000012ae   Section        0  llushr.o(.text)
    .text                                    0x000012ce   Section        0  iusefp.o(.text)
    .text                                    0x000012ce   Section        0  depilogue.o(.text)
    .text                                    0x0000138c   Section       36  init.o(.text)
    .text                                    0x000013b0   Section        0  llshl.o(.text)
    .text                                    0x000013ce   Section        0  __dczerorl2.o(.text)
    i.__scatterload_copy                     0x0000142a   Section       14  handlers.o(i.__scatterload_copy)
    i.__scatterload_null                     0x00001438   Section        2  handlers.o(i.__scatterload_null)
    i.__scatterload_zeroinit                 0x0000143a   Section       14  handlers.o(i.__scatterload_zeroinit)
    .constdata                               0x00001448   Section       61  main.o(.constdata)
    .data                                    0x20000000   Section      490  main.o(.data)
    ucDispChar                               0x2000009b   Data         296  main.o(.data)
    rowIndex                                 0x200001e6   Data           1  main.o(.data)
    charIndex                                0x200001e7   Data           1  main.o(.data)
    currPWM                                  0x200001e8   Data           1  main.o(.data)
    .data                                    0x200001ec   Section        8  systick.o(.data)
    ADCtimer                                 0x200001ec   Data           2  systick.o(.data)
    buttonTime                               0x200001ee   Data           1  systick.o(.data)
    nextLED                                  0x200001f0   Data           4  systick.o(.data)
    .bss                                     0x200001f4   Section       20  main.o(.bss)
    STACK                                    0x20000208   Section      256  startup.o(STACK)
    StackMem                                 0x20000208   Data           0  startup.o(STACK)

    Global Symbols

    Symbol Name                              Value     Ov Type        Size  Object(Section)

    BuildAttributes$$THM_ISAv4$E$P$D$K$B$S$7EM$VFPi3$EXTD16$VFPS$VFMA$PE$A:L22UL41UL21$X:L11$S22US41US21$IEEE1$IW$USESV6$~STKCKD$USESV7$~SHL$OSPACE$ROPI$EBA8$MICROLIB$REQ8$PRES8$EABIv2 0x00000000   Number         0  anon$$obj.o ABSOLUTE
    __ARM_use_no_argv                        0x00000000   Number         0  main.o ABSOLUTE
    __Vectors                                0x00000000   Data           0  startup.o(RESET)
    _clock_init                               - Undefined Weak Reference
    Reset_Handler                            0x0000026d   Thumb Code     0  startup.o(RESET)
    __main                                   0x00000289   Thumb Code     0  entry.o(.ARM.Collect$$$$00000000)
    _main_stk                                0x00000289   Thumb Code     0  entry2.o(.ARM.Collect$$$$00000001)
    _main_scatterload                        0x0000028d   Thumb Code     0  entry5.o(.ARM.Collect$$$$00000004)
    __main_after_scatterload                 0x00000291   Thumb Code     0  entry5.o(.ARM.Collect$$$$00000004)
    _main_clock                              0x00000291   Thumb Code     0  entry7b.o(.ARM.Collect$$$$00000008)
    _main_init                               0x00000291   Thumb Code     0  entry8.o(.ARM.Collect$$$$00000009)
    DisableInterrupts                        0x0000029d   Thumb Code     0  startup.o(.text)
    EnableInterrupts                         0x000002a1   Thumb Code     0  startup.o(.text)
    StartCritical                            0x000002a5   Thumb Code     0  startup.o(.text)
    EndCritical                              0x000002ad   Thumb Code     0  startup.o(.text)
    WaitForInterrupt                         0x000002b3   Thumb Code     0  startup.o(.text)
    initializePortASpi0                      0x000002b9   Thumb Code    80  main.o(.text)
    initializeSPI                            0x00000309   Thumb Code   132  main.o(.text)
    initializeGPIOPort                       0x0000038d   Thumb Code   264  main.o(.text)
    displayLEDChar                           0x00000495   Thumb Code   856  main.o(.text)
    debounce                                 0x000007ed   Thumb Code    38  main.o(.text)
    checkPB                                  0x00000813   Thumb Code    16  main.o(.text)
    ADCInit                                  0x00000823   Thumb Code   160  main.o(.text)
    GetADCval                                0x000008c3   Thumb Code    54  main.o(.text)
    initializeDisplay                        0x000008f9   Thumb Code   208  main.o(.text)
    main                                     0x000009c9   Thumb Code   886  main.o(.text)
    TIMER0IntHandler                         0x00000d59   Thumb Code    90  systick.o(.text)
    TIMER0Config                             0x00000db3   Thumb Code   108  systick.o(.text)
    WatchdogTIMERConfig                      0x00000e1f   Thumb Code    44  systick.o(.text)
    SYSTICKIntHandler                        0x00000e4b   Thumb Code    56  systick.o(.text)
    SYSTICKConfig                            0x00000e83   Thumb Code    40  systick.o(.text)
    sysTickSleep                             0x00000eab   Thumb Code   100  systick.o(.text)
    InitializeUART                           0x00000f4d   Thumb Code   208  uart.o(.text)
    uartRxPoll                               0x0000101d   Thumb Code    42  uart.o(.text)
    uartTxPoll                               0x00001047   Thumb Code    32  uart.o(.text)
    uartTxCharPoll                           0x00001067   Thumb Code    16  uart.o(.text)
    PLL_Init                                 0x00001085   Thumb Code   134  pll.o(.text)
    initPortC                                0x00001111   Thumb Code    56  portc_init.o(.text)
    __aeabi_memcpy                           0x00001165   Thumb Code    36  memcpya.o(.text)
    __aeabi_memcpy4                          0x00001165   Thumb Code     0  memcpya.o(.text)
    __aeabi_memcpy8                          0x00001165   Thumb Code     0  memcpya.o(.text)
    __aeabi_ddiv                             0x00001189   Thumb Code   222  ddiv.o(.text)
    __aeabi_ui2d                             0x00001267   Thumb Code    26  dfltui.o(.text)
    __aeabi_d2uiz                            0x00001281   Thumb Code    46  dfixui.o(.text)
    __aeabi_llsr                             0x000012af   Thumb Code    32  llushr.o(.text)
    _ll_ushift_r                             0x000012af   Thumb Code     0  llushr.o(.text)
    __I$use$fp                               0x000012cf   Thumb Code     0  iusefp.o(.text)
    _double_round                            0x000012cf   Thumb Code    26  depilogue.o(.text)
    _double_epilogue                         0x000012e9   Thumb Code   164  depilogue.o(.text)
    __scatterload                            0x0000138d   Thumb Code    28  init.o(.text)
    __scatterload_rt2                        0x0000138d   Thumb Code     0  init.o(.text)
    __aeabi_llsl                             0x000013b1   Thumb Code    30  llshl.o(.text)
    _ll_shift_l                              0x000013b1   Thumb Code     0  llshl.o(.text)
    __decompress                             0x000013cf   Thumb Code     0  __dczerorl2.o(.text)
    __decompress1                            0x000013cf   Thumb Code    92  __dczerorl2.o(.text)
    __scatterload_copy                       0x0000142b   Thumb Code    14  handlers.o(i.__scatterload_copy)
    __scatterload_null                       0x00001439   Thumb Code     2  handlers.o(i.__scatterload_null)
    __scatterload_zeroinit                   0x0000143b   Thumb Code    14  handlers.o(i.__scatterload_zeroinit)
    Region$$Table$$Base                      0x00001488   Number         0  anon$$obj.o(Region$$Table)
    Region$$Table$$Limit                     0x000014a8   Number         0  anon$$obj.o(Region$$Table)
    portA_config                             0x20000000   Data          20  main.o(.data)
    portB_config                             0x20000014   Data          20  main.o(.data)
    portC_config                             0x20000028   Data          20  main.o(.data)
    portD_config                             0x2000003c   Data          20  main.o(.data)
    portF_config                             0x20000050   Data          20  main.o(.data)
    UART0_config                             0x20000064   Data          24  main.o(.data)
    teamNumber                               0x2000007c   Data           3  main.o(.data)
    teamMembers                              0x2000007f   Data          28  main.o(.data)
    GpioPortA                                0x200001c4   Data           4  main.o(.data)
    GpioPortB                                0x200001c8   Data           4  main.o(.data)
    GpioPortC                                0x200001cc   Data           4  main.o(.data)
    GpioPortD                                0x200001d0   Data           4  main.o(.data)
    GpioPortE                                0x200001d4   Data           4  main.o(.data)
    GpioPortF                                0x200001d8   Data           4  main.o(.data)
    refreshLED                               0x200001dc   Data           1  main.o(.data)
    pwm                                      0x200001e0   Data           4  main.o(.data)
    nextLEDrow                               0x200001e4   Data           1  main.o(.data)
    buttonPoll                               0x200001e5   Data           1  main.o(.data)
    checkADC                                 0x200001e9   Data           1  main.o(.data)
    portE_config                             0x200001f4   Data          20  main.o(.bss)
    __initial_sp                             0x20000308   Data           0  startup.o(STACK)



==============================================================================

Memory Map of the image

  Image Entry point : 0x00000289

  Load Region LR_IROM (Base: 0x00000000, Size: 0x0000169c, Max: 0x00040000, ABSOLUTE, COMPRESSED[0x000015e8])

    Execution Region ER_IROM (Base: 0x00000000, Size: 0x000014a8, Max: 0x00040000, ABSOLUTE)

    Base Addr    Size         Type   Attr      Idx    E Section Name        Object

    0x00000000   0x00000288   Code   RO            3    RESET               startup.o
    0x00000288   0x00000000   Code   RO          140  * .ARM.Collect$$$$00000000  mc_w.l(entry.o)
    0x00000288   0x00000004   Code   RO          153    .ARM.Collect$$$$00000001  mc_w.l(entry2.o)
    0x0000028c   0x00000004   Code   RO          156    .ARM.Collect$$$$00000004  mc_w.l(entry5.o)
    0x00000290   0x00000000   Code   RO          158    .ARM.Collect$$$$00000008  mc_w.l(entry7b.o)
    0x00000290   0x00000008   Code   RO          159    .ARM.Collect$$$$00000009  mc_w.l(entry8.o)
    0x00000298   0x00000004   Code   RO          154    .ARM.Collect$$$$00002712  mc_w.l(entry2.o)
    0x0000029c   0x0000001c   Code   RO            4    .text               startup.o
    0x000002b8   0x00000aa0   Code   RO           11    .text               main.o
    0x00000d58   0x000001f4   Code   RO           75    .text               systick.o
    0x00000f4c   0x00000138   Code   RO           89    .text               uart.o
    0x00001084   0x0000008c   Code   RO          104    .text               pll.lib(pll.o)
    0x00001110   0x00000054   Code   RO          119    .text               portC_init.lib(portc_init.o)
    0x00001164   0x00000024   Code   RO          143    .text               mc_w.l(memcpya.o)
    0x00001188   0x000000de   Code   RO          147    .text               mf_w.l(ddiv.o)
    0x00001266   0x0000001a   Code   RO          149    .text               mf_w.l(dfltui.o)
    0x00001280   0x0000002e   Code   RO          151    .text               mf_w.l(dfixui.o)
    0x000012ae   0x00000020   Code   RO          160    .text               mc_w.l(llushr.o)
    0x000012ce   0x00000000   Code   RO          162    .text               mc_w.l(iusefp.o)
    0x000012ce   0x000000be   Code   RO          163    .text               mf_w.l(depilogue.o)
    0x0000138c   0x00000024   Code   RO          165    .text               mc_w.l(init.o)
    0x000013b0   0x0000001e   Code   RO          167    .text               mc_w.l(llshl.o)
    0x000013ce   0x0000005c   Code   RO          177    .text               mc_w.l(__dczerorl2.o)
    0x0000142a   0x0000000e   Code   RO          171    i.__scatterload_copy  mc_w.l(handlers.o)
    0x00001438   0x00000002   Code   RO          172    i.__scatterload_null  mc_w.l(handlers.o)
    0x0000143a   0x0000000e   Code   RO          173    i.__scatterload_zeroinit  mc_w.l(handlers.o)
    0x00001448   0x0000003d   Data   RO           13    .constdata          main.o
    0x00001485   0x00000003   PAD
    0x00001488   0x00000020   Data   RO          169    Region$$Table       anon$$obj.o


    Execution Region RW_IRAM (Base: 0x20000000, Size: 0x00000308, Max: 0x00010000, ABSOLUTE, COMPRESSED[0x00000140])

    Base Addr    Size         Type   Attr      Idx    E Section Name        Object

    0x20000000   0x000001ea   Data   RW           14    .data               main.o
    0x200001ea   0x00000002   PAD
    0x200001ec   0x00000008   Data   RW           76    .data               systick.o
    0x200001f4   0x00000014   Zero   RW           12    .bss                main.o
    0x20000208   0x00000100   Zero   RW            1    STACK               startup.o


==============================================================================

Image component sizes


      Code (inc. data)   RO Data    RW Data    ZI Data      Debug   Object Name

      2720        246         61        490         20      15050   main.o
       676        624          0          0        256        480   startup.o
       500         62          0          8          0       1761   systick.o
       312         22          0          0          0       3122   uart.o

    ----------------------------------------------------------------------
      4208        954         96        500        276      20413   Object Totals
         0          0         32          0          0          0   (incl. Generated)
         0          0          3          2          0          0   (incl. Padding)

    ----------------------------------------------------------------------

      Code (inc. data)   RO Data    RW Data    ZI Data      Debug   Library Member Name

        92          0          0          0          0          0   __dczerorl2.o
         0          0          0          0          0          0   entry.o
         8          4          0          0          0          0   entry2.o
         4          0          0          0          0          0   entry5.o
         0          0          0          0          0          0   entry7b.o
         8          4          0          0          0          0   entry8.o
        30          0          0          0          0          0   handlers.o
        36          8          0          0          0         68   init.o
         0          0          0          0          0          0   iusefp.o
        30          0          0          0          0         68   llshl.o
        32          0          0          0          0         68   llushr.o
        36          0          0          0          0         68   memcpya.o
       222          0          0          0          0        100   ddiv.o
       190          0          0          0          0        176   depilogue.o
        46          0          0          0          0         68   dfixui.o
        26          0          0          0          0         76   dfltui.o
       140          6          0          0          0        451   pll.o
        84         28          0          0          0       3180   portc_init.o

    ----------------------------------------------------------------------
       984         50          0          0          0       4323   Library Totals
         0          0          0          0          0          0   (incl. Padding)

    ----------------------------------------------------------------------

      Code (inc. data)   RO Data    RW Data    ZI Data      Debug   Library Name

       276         16          0          0          0        272   mc_w.l
       484          0          0          0          0        420   mf_w.l
       140          6          0          0          0        451   pll.lib
        84         28          0          0          0       3180   portC_init.lib

    ----------------------------------------------------------------------
       984         50          0          0          0       4323   Library Totals

    ----------------------------------------------------------------------

==============================================================================


      Code (inc. data)   RO Data    RW Data    ZI Data      Debug   

      5192       1004         96        500        276      23724   Grand Totals
      5192       1004         96        320        276      23724   ELF Image Totals (compressed)
      5192       1004         96        320          0          0   ROM Totals

==============================================================================

    Total RO  Size (Code + RO Data)                 5288 (   5.16kB)
    Total RW  Size (RW Data + ZI Data)               776 (   0.76kB)
    Total ROM Size (Code + RO Data + RW Data)       5608 (   5.48kB)

==============================================================================

